[2026-08-20 11:25:38] === YAHOO (24 tickers) ===
[2026-08-20 11:25:40]   ^GSPC: 5690 rows 2004-01-02..2026-08-19 last_close=7707.97998046875
[2026-08-20 11:25:42]   ^VIX: 5692 rows 2004-01-02..2026-08-20 last_close=15.180000305175781
[2026-08-20 11:25:44]   ^VIX3M: skipped (only 1 rows, source has no history)
[2026-08-20 11:25:45]   TLT: 5693 rows 2004-01-02..2026-08-19 last_close=83.0199966430664
[2026-08-20 11:25:47]   IEF: 5692 rows 2004-01-02..2026-08-19 last_close=93.37999725341797
[2026-08-20 11:25:49]   GLD: 5471 rows 2004-11-18..2026-08-19 last_close=413.8399963378906
[2026-08-20 11:25:51]   SLV: 5109 rows 2006-04-28..2026-08-19 last_close=60.0099983215332
[2026-08-20 11:25:53]   TIP: 5690 rows 2004-01-02..2026-08-19 last_close=107.51000213623047
[2026-08-20 11:25:56]   DX-Y.NYB: 5704 rows 2004-01-02..2026-08-20 last_close=98.73799896240234
[2026-08-20 11:25:57]   ^TNX: FAILED (degenerate 19 rows)
[2026-08-20 11:25:58]   CL=F: 5690 rows 2004-01-05..2026-08-20 last_close=86.91000366210938
[2026-08-20 11:26:00]   USO: 5122 rows 2006-04-10..2026-08-19 last_close=130.91000366210938
[2026-08-20 11:26:02]   JETS: 2841 rows 2015-04-30..2026-08-19 last_close=29.90999984741211
[2026-08-20 11:26:04]   UUP: 4899 rows 2007-03-01..2026-08-19 last_close=27.8799991607666
[2026-08-20 11:26:07]   EEM: 5692 rows 2004-01-02..2026-08-19 last_close=66.11000061035156
[2026-08-20 11:26:09]   EMLC: 4043 rows 2010-07-23..2026-08-19 last_close=25.809999465942383
[2026-08-20 11:26:11]   JPY=X: 5872 rows 2004-01-01..2026-08-20 last_close=None
[2026-08-20 11:26:13]   USDJPY=X: 5872 rows 2004-01-01..2026-08-20 last_close=158.531005859375
[2026-08-20 11:26:15]   SQQQ: 4155 rows 2010-02-11..2026-08-19 last_close=38.529998779296875
[2026-08-20 11:26:18]   PSQ: 5072 rows 2006-06-21..2026-08-19 last_close=25.799999237060547
[2026-08-20 11:26:20]   SH: 5072 rows 2006-06-21..2026-08-19 last_close=32.279998779296875
[2026-08-20 11:26:22]   VXX: 2153 rows 2018-01-25..2026-08-19 last_close=19.049999237060547
[2026-08-20 11:26:24]   ^MOVE: 5600 rows 2004-01-02..2026-08-19 last_close=71.26000213623047
[2026-08-20 11:26:26]   ^VVIX: 4926 rows 2007-01-03..2026-08-19 last_close=86.52999877929688
[2026-08-20 11:26:27] === FRED (8 series) ===
[2026-08-20 11:26:28]   DFII10: 5904 rows 2004-01-01..2026-08-18 last=2.41
[2026-08-20 11:26:28]   T10YIE: 5905 rows 2004-01-01..2026-08-19 last=2.3
[2026-08-20 11:26:29]   DGS10: 5904 rows 2004-01-01..2026-08-18 last=4.71
[2026-08-20 11:26:29]   BAMLH0A0HYM2: 794 rows 2023-08-21..2026-08-18 last=2.75
[2026-08-20 11:26:29]   WALCL: 1180 rows 2004-01-07..2026-08-12 last=6759955.0
[2026-08-20 11:26:29]   WTREGEN: 1180 rows 2004-01-07..2026-08-12 last=963950.0
[2026-08-20 11:26:29]   RRPONTSYD: 5905 rows 2004-01-01..2026-08-19 last=0.317
[2026-08-20 11:26:30]   VXVCLS: 4881 rows 2007-12-04..2026-08-18 last=19.27
[2026-08-20 11:26:30] proof -> /root/projects/backtest-data/yahoo_proof.json
[2026-08-20 11:26:30] FAILED (non-optional): ['^TNX']
[2026-08-20 11:26:30] done.
